// Jest Snapshot v1, https://goo.gl/fbAQLP

exports[`HomePage should have a loading text per default 1`] = `
<div>
  <div
    class="callout secondary fitContent"
  >
    <strong>
      Am Ladä..
    </strong>
    <p>
      Bitte häb hurti chli Geduld.
    </p>
  </div>
</div>
`;
